// Jest Snapshot v1, https://goo.gl/fbAQLP

exports[`renders consistently 1`] = `
<DocumentFragment>
  <ion-app>
    <div
      class="ion-page "
    >
      <ion-tabs
        classname="ion-tabs"
        style="display: flex; position: absolute; top: 0px; left: 0px; right: 0px; bottom: 0px; flex-direction: column; width: 100%; height: 100%; contain: layout size style;"
      >
        <div
          class="tabs-inner"
          style="position: relative; flex: 1; contain: layout size style;"
        >
          <ion-router-outlet />
        </div>
        <ion-tab-bar
          selected-tab="current-weather"
          slot="bottom"
        >
          <ion-tab-button
            href="/"
            tab="current-weather"
          >
            <ion-icon
              icon="data:image/svg+xml;utf8,<svg xmlns='http://www.w3.org/2000/svg' class='ionicon' viewBox='0 0 512 512'><path d='M464 464H48a16 16 0 01-14.07-23.62l208-384a16 16 0 0128.14 0l208 384A16 16 0 01464 464z'/></svg>"
            />
            <ion-label>
              Current Weather
            </ion-label>
          </ion-tab-button>
          <ion-tab-button
            href="/forecast"
            tab="forecast"
          >
            <ion-icon
              icon="data:image/svg+xml;utf8,<svg xmlns='http://www.w3.org/2000/svg' class='ionicon' viewBox='0 0 512 512'><path d='M256 464c-114.69 0-208-93.31-208-208S141.31 48 256 48s208 93.31 208 208-93.31 208-208 208z'/></svg>"
            />
            <ion-label>
              Forecast
            </ion-label>
          </ion-tab-button>
          <ion-tab-button
            href="/uv-index"
            tab="uv-index"
          >
            <ion-icon
              icon="data:image/svg+xml;utf8,<svg xmlns='http://www.w3.org/2000/svg' class='ionicon' viewBox='0 0 512 512'><path d='M416 464H96a48.05 48.05 0 01-48-48V96a48.05 48.05 0 0148-48h320a48.05 48.05 0 0148 48v320a48.05 48.05 0 01-48 48z'/></svg>"
            />
            <ion-label>
              UV Index
            </ion-label>
          </ion-tab-button>
        </ion-tab-bar>
      </ion-tabs>
    </div>
  </ion-app>
</DocumentFragment>
`;
